// Jest Snapshot v1, https://goo.gl/fbAQLP

exports[`DropdownTest should render (snapshot) 1`] = `
<div>
  <div
    className="container"
    onClick={[Function]}
  >
    <button />
  </div>
</div>
`;
